HI-TECH Software C Compiler 

Linker command line:

--edf=C:\Program Files (x86)\HI-TECH Software\PICC\9.71a\dat\en_msgs.txt \
  -cs -h+binaris_ora.sym -z -Q16F628 -ol.obj -Mbinaris_ora.map -E1 \
  -ACONST=00h-0FFhx8 -ACODE=00h-07FFh -ASTRCODE=00h-07FFh \
  -AENTRY=00h-0FFhx8 -ASTRING=00h-0FFhx8 -ABANK0=020h-06Fh \
  -ABANK1=0A0h-0EFh -ABANK2=0120h-014Fh \
  -ARAM=020h-06Fh,0A0h-0EFh,0120h-014Fh \
  -AABS1=020h-07Fh,0A0h-0EFh,0120h-014Fh -ACOMMON=070h-07Fh -ASFR0=00h-01Fh \
  -ASFR1=080h-09Fh -ASFR2=0100h-011Fh -ASFR3=0180h-01EFh \
  -preset_vec=00h,intentry=04h,init,end_init -ppowerup=CODE -pfunctab=CODE \
  -ACONFIG=02007h-02007h -pconfig=CONFIG -DCONFIG=2 -AIDLOC=02000h-02003h \
  -pidloc=IDLOC -DIDLOC=2 -AEEDATA=00h-07Fh/02100h -peeprom_data=EEDATA \
  -DEEDATA=2 -DCODE=2 -DSTRCODE=2 -DSTRING=2 -DCONST=2 -DENTRY=2 -k \
  startup.obj binaris_ora.obj 

Object code version is 3.10

Machine type is 16F628



                Name                               Link     Load   Length Selector   Space Scale
startup.obj     end_init                              A        A        1        8       0
                reset_vec                             0        0        1        0       0
binaris_ora.obj intentry                              4        4        6        8       0
                config                             2007     2007        1     400E       0
                text44                               B4       B4       48        8       0
                text43                               FC       FC       17        8       0
                maintext                              B        B       A9        8       0
                cstackCOMMON                         78       78        4       70       1
                bssCOMMON                            70       70        8       70       1
                cinit                               113      113        A        8       0

TOTAL           Name                               Link     Load   Length     Space
        CLASS   CONST          

        CLASS   CODE           
                end_init                              A        A        1         0
                intentry                              4        4        6         0
                reset_vec                             0        0        1         0
                text44                               B4       B4       48         0
                text43                               FC       FC       17         0
                maintext                              B        B       A9         0
                cinit                               113      113        A         0

        CLASS   STRCODE        

        CLASS   ENTRY          

        CLASS   STRING         

        CLASS   BANK0          

        CLASS   BANK1          

        CLASS   BANK2          

        CLASS   RAM            

        CLASS   ABS1           
                abs_s1                               7E       7E        2         1

        CLASS   COMMON         
                cstackCOMMON                         78       78        4         1
                bssCOMMON                            70       70        8         1

        CLASS   SFR0           

        CLASS   SFR1           

        CLASS   SFR2           

        CLASS   SFR3           

        CLASS   CONFIG         
                config                             2007     2007        1         0

        CLASS   IDLOC          

        CLASS   EEDATA         

        CLASS   BANK3          



SEGMENTS        Name                           Load    Length   Top    Selector   Space  Class     Delta

                reset_vec                      000000  000001  000001         0       0  CODE        2
                intentry                       000004  000119  00011D         8       0  CODE        2
                bssCOMMON                      000070  00000C  00007C        70       1  COMMON      1
                config                         002007  000001  002008      400E       0  CONFIG      2


UNUSED ADDRESS RANGES

        Name                Unused          Largest block    Delta
        BANK0            0020-006F             50           1
        BANK1            00A0-00EF             50           1
        BANK2            0120-014F             30           1
        CODE             0001-0003              3           2
                         011D-07FF            6E3
        COMMON           007C-007D              2           1
        CONST            0001-0003              3           2
                         011D-07FF            100
        EEDATA           2100-217F             80           2
        ENTRY            0001-0003              3           2
                         011D-07FF            100
        IDLOC            2000-2003              4           2
        RAM              0020-006F             50           1
                         00A0-00EF             50
                         0120-014F             30
        SFR0             0000-001F             20           1
        SFR1             0080-009F             20           1
        SFR2             0100-011F             20           1
        SFR3             0180-01EF             70           1
        STRCODE          0001-0003              3           2
                         011D-07FF            6E3
        STRING           0001-0003              3           2
                         011D-07FF            100

                                  Symbol Table

??_init_setup         cstackCOMMON 007A
??_isr                cstackCOMMON 0078
??_main               cstackCOMMON 007A
?_init_setup          cstackCOMMON 0078
?_isr                 cstackCOMMON 0078
?_main                cstackCOMMON 0078
_CCP1CON              (abs)        0017
_CMCON                (abs)        001F
_GIE                  (abs)        005F
_INTCON               (abs)        000B
_PEIE                 (abs)        005E
_PORTA                (abs)        0005
_PORTB                (abs)        0006
_PR2                  (abs)        0092
_RB6                  (abs)        0036
_RB7                  (abs)        0037
_T2CON                (abs)        0012
_TMR2IE               (abs)        0461
_TMR2IF               (abs)        0061
_TRISA                (abs)        0085
_TRISB                (abs)        0086
__Habs1               abs1         0000
__Hbank0              bank0        0000
__Hbank1              bank1        0000
__Hbank2              bank2        0000
__Hbank3              bank3        0000
__HbssCOMMON          bssCOMMON    0000
__Hcinit              cinit        0000
__Hclrtext            clrtext      0000
__Hcode               code         0000
__Hcommon             common       0000
__Hconfig             config       2008
__HcstackCOMMON       cstackCOMMON 0000
__Heeprom_data        eeprom_data  0000
__Hend_init           end_init     000B
__Hfunctab            functab      0000
__Hidloc              idloc        0000
__Hinit               init         000A
__Hintentry           intentry     000A
__Hmaintext           maintext     0000
__Hpa_nodes           pa_nodes     0000
__Hpowerup            powerup      0000
__Hram                ram          0000
__Hreset_vec          reset_vec    0001
__Hsfr0               sfr0         0000
__Hsfr1               sfr1         0000
__Hsfr2               sfr2         0000
__Hsfr3               sfr3         0000
__Hstrings            strings      0000
__Htext               text         0000
__Labs1               abs1         0000
__Lbank0              bank0        0000
__Lbank1              bank1        0000
__Lbank2              bank2        0000
__Lbank3              bank3        0000
__LbssCOMMON          bssCOMMON    0000
__Lcinit              cinit        0000
__Lclrtext            clrtext      0000
__Lcode               code         0000
__Lcommon             common       0000
__Lconfig             config       2007
__LcstackCOMMON       cstackCOMMON 0000
__Leeprom_data        eeprom_data  0000
__Lend_init           end_init     000A
__Lfunctab            functab      0000
__Lidloc              idloc        0000
__Linit               init         000A
__Lintentry           intentry     0004
__Lmaintext           maintext     0000
__Lpa_nodes           pa_nodes     0000
__Lpowerup            powerup      0000
__Lram                ram          0000
__Lreset_vec          reset_vec    0000
__Lsfr0               sfr0         0000
__Lsfr1               sfr1         0000
__Lsfr2               sfr2         0000
__Lsfr3               sfr3         0000
__Lstrings            strings      0000
__Ltext               text         0000
__S0                  (abs)        2008
__S1                  (abs)        007C
__S2                  (abs)        0000
__end_of_init_setup   text43       0113
__end_of_isr          text44       00FC
__end_of_main         maintext     00B4
__pbssCOMMON          bssCOMMON    0070
__pcstackCOMMON       cstackCOMMON 0078
__pintentry           intentry     0004
__pmaintext           maintext     000B
__ptext42             text42       0000
__ptext43             text43       00FC
__ptext44             text44       00B4
__ptext45             text45       0000
__size_of_init_setup  (abs)        0000
__size_of_isr         (abs)        0000
__size_of_main        (abs)        0000
_exit                 init         000A
_init_setup           text43       00FC
_isr                  text44       00B4
_main                 maintext     000B
_mp_1                 bssCOMMON    0072
_mp_10                bssCOMMON    0073
_ora_1                bssCOMMON    0074
_ora_10               bssCOMMON    0075
_perc_1               bssCOMMON    0076
_perc_10              bssCOMMON    0077
_timer_count          bssCOMMON    0070
btemp                 (abs)        007E
end_of_initialization cinit        011B
i1l353                                 
i1l761                                 
i1l763                                 
i1l767                                 
i1l773                                 
i1l779                                 
i1l785                                 
i1l791                                 
i1l797                                 
interrupt_function    intentry     0004
intlevel0             functab      0000
intlevel1             functab      0000
intlevel2             functab      0000
intlevel3             functab      0000
intlevel4             functab      0000
intlevel5             functab      0000
l388                                   
l807                                   
l809                                   
l811                                   
l813                                   
l815                                   
l817                                   
l819                                   
l821                                   
l823                                   
l825                                   
l827                                   
l829                                   
l831                                   
l839                                   
l843                                   
l845                                   
l853                                   
l857                                   
l859                                   
l871                                   
l879                                   
l909                                   
l911                                   
main@i                cstackCOMMON 007B
reset_vec             reset_vec    0000
saved_w               (abs)        007E
start                 init         000A
start_initialization  cinit        0113
wtemp0                (abs)        007E
